=== Stage14 Pilot 01：西凉铁骑（马腾统领）===
PRE_BATTLE 实战速度：120.000
西凉铁骑满级会心率：26.968750%
接入模式：BattleEngine PRE_BATTLE 自动调度

=== 战斗结果 ===
胜方：A
结束原因：敌方主将阵亡
完成回合：2
最终兵力：{'a1': 473, 'a2': 713, 'b1': 0, 'b2': 670}
事件总数：75

=== 战报事件 ===
[系统] 进入阶段：战前准备。
第 0 回合，发生事件：STATE_APPLIED。
第 0 回合，发生事件：STATE_APPLIED。
战斗开始，最大回合数为 8 回合。
[系统] 进入阶段：回合开始。
第 1 回合开始。
[系统] 进入阶段：行动顺序计算。
第 1 回合行动顺序：马腾 → B队主将 → B队第一副将 → A队第一副将。
[系统] 进入阶段：单位行动开始。
第 1 回合，马腾 开始行动。
[系统] 进入阶段：单位行动。
第 1 回合，马腾 对 B队主将 发动普通攻击。
第 1 回合，马腾 对 B队主将 造成 490 点兵力伤害，B队主将 剩余兵力 510。
[系统] 进入阶段：单位行动结束。
第 1 回合，马腾 行动结束。
[系统] 进入阶段：单位行动开始。
第 1 回合，B队主将 开始行动。
[系统] 进入阶段：单位行动。
第 1 回合，B队主将 对 马腾 发动普通攻击。
第 1 回合，B队主将 对 马腾 造成 184 点兵力伤害，马腾 剩余兵力 816。
[系统] 进入阶段：单位行动结束。
第 1 回合，B队主将 行动结束。
[系统] 进入阶段：单位行动开始。
第 1 回合，B队第一副将 开始行动。
[系统] 进入阶段：单位行动。
第 1 回合，B队第一副将 对 马腾 发动普通攻击。
第 1 回合，B队第一副将 对 马腾 造成 183 点兵力伤害，马腾 剩余兵力 633。
[系统] 进入阶段：单位行动结束。
第 1 回合，B队第一副将 行动结束。
[系统] 进入阶段：单位行动开始。
第 1 回合，A队第一副将 开始行动。
[系统] 进入阶段：单位行动。
第 1 回合，A队第一副将 对 B队第一副将 发动普通攻击。
第 1 回合，A队第一副将 对 B队第一副将 造成 230 点兵力伤害，B队第一副将 剩余兵力 670。
[系统] 进入阶段：单位行动结束。
第 1 回合，A队第一副将 行动结束。
[系统] 进入阶段：回合结束。
第 1 回合结束，A队剩余总兵力 1533，B队剩余总兵力 1180。
[系统] 进入阶段：回合开始。
第 2 回合开始。
[系统] 进入阶段：行动顺序计算。
第 2 回合行动顺序：马腾 → B队主将 → B队第一副将 → A队第一副将。
[系统] 进入阶段：单位行动开始。
第 2 回合，马腾 开始行动。
[系统] 进入阶段：单位行动。
第 2 回合，马腾 对 B队主将 发动普通攻击。
第 2 回合，马腾 对 B队主将 造成 197 点兵力伤害，B队主将 剩余兵力 313。
[系统] 进入阶段：单位行动结束。
第 2 回合，马腾 行动结束。
[系统] 进入阶段：单位行动开始。
第 2 回合，B队主将 开始行动。
[系统] 进入阶段：单位行动。
第 2 回合，B队主将 对 马腾 发动普通攻击。
第 2 回合，B队主将 对 马腾 造成 160 点兵力伤害，马腾 剩余兵力 473。
[系统] 进入阶段：单位行动结束。
第 2 回合，B队主将 行动结束。
[系统] 进入阶段：单位行动开始。
第 2 回合，B队第一副将 开始行动。
[系统] 进入阶段：单位行动。
第 2 回合，B队第一副将 对 A队第一副将 发动普通攻击。
第 2 回合，B队第一副将 对 A队第一副将 造成 187 点兵力伤害，A队第一副将 剩余兵力 713。
[系统] 进入阶段：单位行动结束。
第 2 回合，B队第一副将 行动结束。
[系统] 进入阶段：单位行动开始。
第 2 回合，A队第一副将 开始行动。
[系统] 进入阶段：单位行动。
第 2 回合，A队第一副将 对 B队主将 发动普通攻击。
第 2 回合，A队第一副将 对 B队主将 造成 313 点兵力伤害，B队主将 剩余兵力 0。
第 2 回合，B队主将 兵力归零，无法继续战斗。
[系统] 进入阶段：单位行动结束。
第 2 回合，A队第一副将 行动结束。
第 2 回合，发生事件：STATE_CLEARED_ON_BATTLE_END。
第 2 回合，发生事件：STATE_CLEARED_ON_BATTLE_END。
[系统] 进入阶段：战斗结束。
战斗结束，A队获胜。结束原因：敌方主将阵亡。
